An error occurred during typechecking!
Type Error Tag: [ERROR_UNEXPECTED_TYPE_FOR_EXPRESSION]
when unifying expected type
  Nat
against actual type
  
{
  Nat, Bool
}

when typechecking the expression
  (fn (x : ?T2)
{
  return
  {
    {
      {
        x, x
      }
      ,
      {
        x, x
      }
    }
    ,
    {
      {
        x, Nat::iszero (x)
      }
      ,
      {
        x, x
      }
    }
  }
}
) (0) . 2 . 1