An error occurred during typechecking!
===================
Primary type error:
===================
Type Error Tag: [ERROR_UNEXPECTED_DATA_FOR_NULLARY_LABEL]
expected a nullary label nval
========================
Alternative type errors:
========================
Type Error Tag: [ERROR_AMBIGUOUS_VARIANT_TYPE]
type inference for variants is not supported (use type ascriptions)