An error occurred during typechecking!
===================
Primary type error:
===================
Type Error Tag: [ERROR_UNEXPECTED_TYPE_FOR_EXPRESSION]
expected type
  fn (Nat) -> Nat
but got
  Bool
for expression
  n
========================
Alternative type errors:
========================
Type Error Tag: [ERROR_NOT_A_FUNCTION]
expected a one-argument function type but got
  Bool
for the expression
  n
in the expression
  fix (n)