TYPE ERROR:
Type Error Tag: [ERROR_MISSING_MAIN]
main function is not found in the program