TYPE ERROR:
Type Error Tag: [ERROR_UNEXPECTED_TYPE_FOR_EXPRESSION]
expected type
  Unit
but got
  Bool
for expression
  Bool::seq (unit) (false)