An error occurred during typechecking!
Type Error Tag: [ERROR_UNEXPECTED_TYPE_FOR_EXPRESSION]
expected type
  Unit
but got
  fn (Unit) -> Unit
for expression
  seq (unit)