An error occurred during typechecking!
Type Error Tag: [ERROR_UNEXPECTED_PATTERN_FOR_TYPE]
unexpected pattern
  
{
  a = u, d = v, c = z
}

when pattern matching is expected for type
  
{
  a : Nat, b : Bool, c : fn (Bool) -> Bool
}