An error occurred during typechecking!
Type Error Tag: [ERROR_NONEXHAUSTIVE_LET_PATTERNS]
non-exhaustive pattern matches
when matching on expression
  
{
  a = 0, b = true, c = fn (x : Bool)
  {
    return if x then false else true
  }
}

at least the following patterns are not matched:
  
{
  a = 0, b = true, c = __something__
}

  
{
  a = succ (0), b = true, c = __something__
}

  
{
  a = succ (succ (__something__)), b = true, c = __something__
}