TYPE ERROR:
Type Error Tag: [ERROR_NOT_A_FUNCTION]
expected a function type but got
  
{
  Nat, Bool
}

for the expression
  (fn (x : Nat)
{
  return
  {
    {
      {
        x, x
      }
      ,
      {
        x, x
      }
    }
    ,
    {
      {
        x, Nat::iszero (x)
      }
      ,
      {
        x, x
      }
    }
  }
}
) (0) . 2 . 1
in the function call
  (fn (x : Nat)
{
  return
  {
    {
      {
        x, x
      }
      ,
      {
        x, x
      }
    }
    ,
    {
      {
        x, Nat::iszero (x)
      }
      ,
      {
        x, x
      }
    }
  }
}
) (0) . 2 . 1 (0)