An error occurred during typechecking!
Type Error Tag: [ERROR_UNEXPECTED_TYPE_FOR_EXPRESSION]
expected type
  fn (Bool) -> Nat
but got
  fn (Bool) -> Bool
for expression
  k (n)