An error occurred during typechecking!
Type Error Tag: [ERROR_UNEXPECTED_SUBTYPE]
expected a subtype of
  Bool
but got
  Nat