An error occurred during typechecking!
Type Error Tag: [ERROR_UNEXPECTED_TYPE_FOR_EXPRESSION]
when unifying expected type
  & Bool
against actual type
  Bool
when typechecking the expression
  swap (true)