An error occurred during typechecking!
===================
Primary type error:
===================
Type Error Tag: [ERROR_UNEXPECTED_TYPE_FOR_EXPRESSION]
when unifying expected type
  fn (?T13) -> ?T14
against actual type
  Nat
when typechecking the expression
  if Nat::iszero (n) then f (n) else f (f (n))
========================
Alternative type errors:
========================
Type Error Tag: [ERROR_NOT_A_FUNCTION]
when unifying expected type
  fn (?T13) -> ?T14
against actual type
  Nat
when typechecking the expression
  if Nat::iszero (n) then f (n) else f (f (n))