An error occurred during typechecking!
===================
Primary type error:
===================
Type Error Tag: [ERROR_UNEXPECTED_TYPE_FOR_EXPRESSION]
expected type
  Bool
but got
  Nat
for expression
  succ (0)
========================
Alternative type errors:
========================
Type Error Tag: [ERROR_AMBIGUOUS_THROW_TYPE]
cannot infer type for throw