An error occurred during typechecking!
Type Error Tag: [ERROR_NOT_A_FUNCTION]
expected a function type but got
  Nat
for the expression
  f
in the function call
  f (f)