An error occurred during typechecking!
Type Error Tag: [ERROR_AMBIGUOUS_VARIANT_TYPE]
type inference for variants is not supported (use type ascriptions or enable #structural-subtyping)