TYPE ERROR:
Type Error Tag: [ERROR_NONEXHAUSTIVE_MATCH_PATTERNS]
non-exhaustive pattern matches
when matching on expression
  x
at least the following patterns are not matched:
  <| boolean = x1 |>