An error occurred during typechecking!
Type Error Tag: [ERROR_UNEXPECTED_PATTERN_FOR_TYPE]
unexpected pattern
  <| unknown = x |>
when pattern matching is expected for type
  <| number : Nat, boolean : Bool, function : fn (Nat) -> Nat |>