An error occurred during typechecking!
Type Error Tag: [ERROR_UNEXPECTED_PATTERN_FOR_TYPE]
unexpected pattern
  inr (bf)
when pattern matching is expected for type
  Bool