An error occurred during typechecking!
Type Error Tag: [ERROR_ILLEGAL_MATCHING_FOR_TYPE]
pattern matching on functions is not allowed