An error occurred during typechecking!
Type Error Tag: [ERROR_NOT_A_FUNCTION]
expected a function type but got
  Bool
for the expression
  y (Nat::iszero (m))
in the function call
  y (Nat::iszero (m)) (x)