An error occurred during typechecking!
===================
Primary type error:
===================
Type Error Tag: [ERROR_MISSING_RECORD_FIELDS]
missing fields
  y
for an expected record type
  
{
  x : Nat, y : Nat
}

in the record
  
{
  x = 0
}

========================
Alternative type errors:
========================
Type Error Tag: [ERROR_MISSING_RECORD_FIELDS]
missing fields
  y
for an expected record type
  
{
  x : Nat, y : Nat
}

in the actual type
  
{
  x : Nat
}

when typechecking expression
  
{
  x = 0
}

-----
Type Error Tag: [ERROR_MISSING_RECORD_FIELDS]
missing fields
  y
for an expected record type
  
{
  x : Nat, y : Nat
}

in the actual type
  
{
  x : Nat
}

when typechecking expression
  fn (a : Nat)
{
  return
  {
    x = 0
  }
}