An error occurred during typechecking!
Type Error Tag: [ERROR_MISSING_RECORD_FIELDS]
missing fields
  z
for an expected record type
  
{
  z : Nat, y : Nat
}

in the actual type
  
{
  y : Nat, x : Nat
}

when typechecking expression
  g