TYPE ERROR:
Type Error Tag: [ERROR_UNEXPECTED_TYPE_FOR_EXPRESSION]
expected type
  Nat
but got
  fn (Nat) -> Nat
for expression
  Nat::add (Nat::add (i) (succ (r)))