An error occurred during typechecking!
===================
Primary type error:
===================
Type Error Tag: [ERROR_UNEXPECTED_TYPE_FOR_EXPRESSION]
expected type
  Nat
but got
  Bool
when typechecking the expression
  true
========================
Alternative type errors:
========================
Type Error Tag: [ERROR_UNEXPECTED_TYPE_FOR_EXPRESSION]
expected type
  fn (Bool) -> Nat
but got
  fn (Bool) -> Bool
when typechecking the expression
  fn (p : Bool)
{
  return true
}