An error occurred during typechecking!
===================
Primary type error:
===================
Type Error Tag: [ERROR_UNEXPECTED_TYPE_FOR_PARAMETER]
expected type
  Nat
but got
  fn (Nat) -> Nat
for the parameter first
in function
  fn (first : fn (Nat) -> Nat)
{
  return fn (second : fn (Nat) -> Nat)
  {
    return if flag then first else second
  }
}

========================
Alternative type errors:
========================
Type Error Tag: [ERROR_UNEXPECTED_TYPE_FOR_EXPRESSION]
expected type
  fn (Nat) -> Nat
but got
  fn (fn (Nat) -> Nat) -> fn (fn (Nat) -> Nat) -> fn (Nat) -> Nat
when typechecking the expression
  fn (first : fn (Nat) -> Nat)
{
  return fn (second : fn (Nat) -> Nat)
  {
    return if flag then first else second
  }
}