TYPE ERROR:
Type Error Tag: [ERROR_UNEXPECTED_TYPE_FOR_PARAMETER]
expected type
  Nat
but got
  Bool
for the parameter x
in function
  fn (x : Bool)
{
  return k (k (x))
}