An error occurred during typechecking!
===================
Primary type error:
===================
Type Error Tag: [ERROR_UNEXPECTED_LAMBDA]
expected an expression of a non-function type
  Nat
but got an anonymous function
  fn (x : Nat)
{
  return k (k (x))
}

========================
Alternative type errors:
========================
Type Error Tag: [ERROR_UNEXPECTED_TYPE_FOR_EXPRESSION]
expected type
  Nat
but got
  fn (Nat) -> Nat
when typechecking the expression
  fn (x : Nat)
{
  return k (k (x))
}